RUNTIME ERROR: sarcasm
	error.07.jsonnet:18:31-45	thunk <array_element>
	error.07.jsonnet:17:29-34	function <third>
	error.07.jsonnet:18:15-53	thunk <toxic>
	error.07.jsonnet:19:1-5	
