STATIC ERROR: error.parse.object_comprehension_local_clash.jsonnet:17:21: Duplicate local var: x
