RUNTIME ERROR: Option "d" not in ["a", "b", "c"].
	error.invariant.option.jsonnet:20:9-59	thunk <object_assert>
	During manifestation	
