STATIC ERROR: error.object_comprehension_local.jsonnet:17:29-31: Locals must appear first in an object comprehension.
