RUNTIME ERROR: Max stack frames exceeded.
	error.obj_recursive.jsonnet:17:6-9	object <anonymous>
	error.obj_recursive.jsonnet:17:6-9	object <anonymous>
	error.obj_recursive.jsonnet:17:6-9	object <anonymous>
	error.obj_recursive.jsonnet:17:6-9	object <anonymous>
	error.obj_recursive.jsonnet:17:6-9	object <anonymous>
	error.obj_recursive.jsonnet:17:6-9	object <anonymous>
	error.obj_recursive.jsonnet:17:6-9	object <anonymous>
	error.obj_recursive.jsonnet:17:6-9	object <anonymous>
	error.obj_recursive.jsonnet:17:6-9	object <anonymous>
	error.obj_recursive.jsonnet:17:6-9	object <anonymous>
	...
	error.obj_recursive.jsonnet:17:6-9	object <anonymous>
	error.obj_recursive.jsonnet:17:6-9	object <anonymous>
	error.obj_recursive.jsonnet:17:6-9	object <anonymous>
	error.obj_recursive.jsonnet:17:6-9	object <anonymous>
	error.obj_recursive.jsonnet:17:6-9	object <anonymous>
	error.obj_recursive.jsonnet:17:6-9	object <anonymous>
	error.obj_recursive.jsonnet:17:6-9	object <anonymous>
	error.obj_recursive.jsonnet:17:6-9	object <anonymous>
	error.obj_recursive.jsonnet:17:6-9	object <anonymous>
	During manifestation	
