STATIC ERROR: error.function_duplicate_param.jsonnet:17:1-16: Duplicate function parameter: x
