STATIC ERROR: error.parse.method_plus.jsonnet:17:15: Cannot use +: syntax sugar in a method: a
