RUNTIME ERROR: foobar
	error.inside_tostring_object.jsonnet:17:12-25	object <anonymous>
	error.inside_tostring_object.jsonnet:17:1-27	
