STATIC ERROR: error.parse.static_error_bad_number.jsonnet:17:1: Unexpected: "." while parsing terminal
