STATIC ERROR: error.parse.array_comma.jsonnet:17:7: Expected a comma before next array element.
