RUNTIME ERROR: my error message
	error.invariant.simple2.jsonnet:18:21-38	thunk <object_assert>
	During manifestation	
