STATIC ERROR: error.parse.object_local_clash.jsonnet:17:21: Duplicate local var: x
