STATIC ERROR: error.static_error_self.jsonnet:17:2-5: Can't use self outside of an object.
