RUNTIME ERROR: foo
	error.04.jsonnet:17:21-31	object <anonymous>
	During manifestation	
