RUNTIME ERROR: my error message
	error.invariant.simple3.jsonnet:18:12-35	thunk <object_assert>
	During manifestation	
