STATIC ERROR: error.static_error_super.jsonnet:17:2-6: Can't use super outside of an object.
