STATIC ERROR: error.parse.string.unfinished.jsonnet:17:1: Unterminated string
