RUNTIME ERROR: Couldn't open import "lib": basic_filebuf::underflow error reading the file
	error.import_folder.jsonnet:17:1-12	
